[0.009s][info][gc,init] CardTable entry size: 512
[0.009s][info][gc     ] Using G1
[0.009s][info][gc,init] Version: 21.0.9+10-LTS (release)
[0.009s][info][gc,init] CPUs: 14 total, 14 available
[0.009s][info][gc,init] Memory: 24576M
[0.009s][info][gc,init] Large Page Support: Disabled
[0.009s][info][gc,init] NUMA Support: Disabled
[0.009s][info][gc,init] Compressed Oops: Enabled (Zero based)
[0.009s][info][gc,init] Heap Region Size: 4M
[0.009s][info][gc,init] Heap Min Capacity: 512M
[0.009s][info][gc,init] Heap Initial Capacity: 512M
[0.009s][info][gc,init] Heap Max Capacity: 512M
[0.009s][info][gc,init] Pre-touch: Disabled
[0.009s][info][gc,init] Parallel Workers: 11
[0.009s][info][gc,init] Concurrent Workers: 2
[0.009s][info][gc,init] Concurrent Refinement Workers: 11
[0.009s][info][gc,init] Periodic GC: Disabled
[0.024s][info][gc,metaspace] CDS archive(s) mapped at: [0x0000007000000000-0x0000007000c9c000-0x0000007000c9c000), size 13221888, SharedBaseAddress: 0x0000007000000000, ArchiveRelocationMode: 1.
[0.024s][info][gc,metaspace] Compressed class space mapped at: 0x0000007001000000-0x0000007041000000, reserved size: 1073741824
[0.024s][info][gc,metaspace] Narrow klass base: 0x0000007000000000, Narrow klass shift: 0, Narrow klass range: 0x100000000
[0.077s][info][gc,start    ] GC(0) Pause Young (Normal) (G1 Evacuation Pause)
[0.077s][info][gc,task     ] GC(0) Using 11 workers of 11 for evacuation
[0.083s][info][gc,phases   ] GC(0)   Pre Evacuate Collection Set: 0.09ms
[0.083s][info][gc,phases   ] GC(0)   Merge Heap Roots: 0.03ms
[0.083s][info][gc,phases   ] GC(0)   Evacuate Collection Set: 5.37ms
[0.083s][info][gc,phases   ] GC(0)   Post Evacuate Collection Set: 0.11ms
[0.083s][info][gc,phases   ] GC(0)   Other: 0.26ms
[0.083s][info][gc,heap     ] GC(0) Eden regions: 19->0(16)
[0.083s][info][gc,heap     ] GC(0) Survivor regions: 0->3(3)
[0.083s][info][gc,heap     ] GC(0) Old regions: 1->9
[0.083s][info][gc,heap     ] GC(0) Humongous regions: 0->0
[0.083s][info][gc,metaspace] GC(0) Metaspace: 240K(384K)->240K(384K) NonClass: 221K(256K)->221K(256K) Class: 18K(128K)->18K(128K)
[0.083s][info][gc          ] GC(0) Pause Young (Normal) (G1 Evacuation Pause) 77M->41M(512M) 6.043ms
[0.083s][info][gc,cpu      ] GC(0) User=0.01s Sys=0.03s Real=0.01s
[0.126s][info][gc,start    ] GC(1) Pause Young (Normal) (G1 Evacuation Pause)
[0.126s][info][gc,task     ] GC(1) Using 11 workers of 11 for evacuation
[0.128s][info][gc,phases   ] GC(1)   Pre Evacuate Collection Set: 0.07ms
[0.128s][info][gc,phases   ] GC(1)   Merge Heap Roots: 0.03ms
[0.128s][info][gc,phases   ] GC(1)   Evacuate Collection Set: 1.53ms
[0.128s][info][gc,phases   ] GC(1)   Post Evacuate Collection Set: 0.09ms
[0.128s][info][gc,phases   ] GC(1)   Other: 0.02ms
[0.128s][info][gc,heap     ] GC(1) Eden regions: 16->0(18)
[0.128s][info][gc,heap     ] GC(1) Survivor regions: 3->1(3)
[0.128s][info][gc,heap     ] GC(1) Old regions: 9->11
[0.128s][info][gc,heap     ] GC(1) Humongous regions: 0->0
[0.128s][info][gc,metaspace] GC(1) Metaspace: 260K(448K)->260K(448K) NonClass: 241K(320K)->241K(320K) Class: 18K(128K)->18K(128K)
[0.128s][info][gc          ] GC(1) Pause Young (Normal) (G1 Evacuation Pause) 105M->41M(512M) 1.856ms
[0.128s][info][gc,cpu      ] GC(1) User=0.01s Sys=0.01s Real=0.00s
[3.158s][info][gc,heap,exit] Heap
[3.159s][info][gc,heap,exit]  garbage-first heap   total 524288K, used 92272K [0x0000000335000000, 0x0000000355000000)
[3.159s][info][gc,heap,exit]   region size 4096K, 14 young (57344K), 1 survivors (4096K)
[3.159s][info][gc,heap,exit]  Metaspace       used 267K, committed 448K, reserved 1114112K
[3.159s][info][gc,heap,exit]   class space    used 19K, committed 128K, reserved 1048576K
