[0.004s][info][gc,init] CardTable entry size: 512
[0.004s][info][gc     ] Using G1
[0.005s][info][gc,init] Version: 21.0.9+10-LTS (release)
[0.005s][info][gc,init] CPUs: 14 total, 14 available
[0.005s][info][gc,init] Memory: 24576M
[0.005s][info][gc,init] Large Page Support: Disabled
[0.005s][info][gc,init] NUMA Support: Disabled
[0.005s][info][gc,init] Compressed Oops: Enabled (Zero based)
[0.005s][info][gc,init] Heap Region Size: 1M
[0.005s][info][gc,init] Heap Min Capacity: 512M
[0.005s][info][gc,init] Heap Initial Capacity: 512M
[0.005s][info][gc,init] Heap Max Capacity: 512M
[0.005s][info][gc,init] Pre-touch: Disabled
[0.005s][info][gc,init] Parallel Workers: 11
[0.005s][info][gc,init] Concurrent Workers: 3
[0.005s][info][gc,init] Concurrent Refinement Workers: 11
[0.005s][info][gc,init] Periodic GC: Disabled
[0.008s][info][gc,metaspace] CDS archive(s) mapped at: [0x0000009800000000-0x0000009800c9c000-0x0000009800c9c000), size 13221888, SharedBaseAddress: 0x0000009800000000, ArchiveRelocationMode: 1.
[0.008s][info][gc,metaspace] Compressed class space mapped at: 0x0000009801000000-0x0000009841000000, reserved size: 1073741824
[0.008s][info][gc,metaspace] Narrow klass base: 0x0000009800000000, Narrow klass shift: 0, Narrow klass range: 0x100000000
[0.018s][info][gc,start    ] GC(0) Pause Young (Normal) (G1 Evacuation Pause)
[0.019s][info][gc,task     ] GC(0) Using 11 workers of 11 for evacuation
[0.022s][info][gc,phases   ] GC(0)   Pre Evacuate Collection Set: 0.14ms
[0.022s][info][gc,phases   ] GC(0)   Merge Heap Roots: 0.03ms
[0.022s][info][gc,phases   ] GC(0)   Evacuate Collection Set: 2.91ms
[0.022s][info][gc,phases   ] GC(0)   Post Evacuate Collection Set: 0.10ms
[0.022s][info][gc,phases   ] GC(0)   Other: 0.25ms
[0.022s][info][gc,heap     ] GC(0) Eden regions: 25->0(21)
[0.022s][info][gc,heap     ] GC(0) Survivor regions: 0->4(4)
[0.022s][info][gc,heap     ] GC(0) Old regions: 2->22
[0.022s][info][gc,heap     ] GC(0) Humongous regions: 0->0
[0.022s][info][gc,metaspace] GC(0) Metaspace: 81K(320K)->81K(320K) NonClass: 76K(192K)->76K(192K) Class: 4K(128K)->4K(128K)
[0.022s][info][gc          ] GC(0) Pause Young (Normal) (G1 Evacuation Pause) 26M->24M(512M) 3.546ms
[0.022s][info][gc,cpu      ] GC(0) User=0.00s Sys=0.02s Real=0.00s
[0.023s][info][gc,start    ] GC(1) Pause Young (Normal) (G1 Evacuation Pause)
[0.023s][info][gc,task     ] GC(1) Using 11 workers of 11 for evacuation
[0.025s][info][gc,phases   ] GC(1)   Pre Evacuate Collection Set: 0.11ms
[0.025s][info][gc,phases   ] GC(1)   Merge Heap Roots: 0.04ms
[0.025s][info][gc,phases   ] GC(1)   Evacuate Collection Set: 2.20ms
[0.025s][info][gc,phases   ] GC(1)   Post Evacuate Collection Set: 0.10ms
[0.025s][info][gc,phases   ] GC(1)   Other: 0.02ms
[0.025s][info][gc,heap     ] GC(1) Eden regions: 21->0(23)
[0.025s][info][gc,heap     ] GC(1) Survivor regions: 4->4(4)
[0.025s][info][gc,heap     ] GC(1) Old regions: 22->39
[0.025s][info][gc,heap     ] GC(1) Humongous regions: 0->0
[0.025s][info][gc,metaspace] GC(1) Metaspace: 81K(320K)->81K(320K) NonClass: 76K(192K)->76K(192K) Class: 4K(128K)->4K(128K)
[0.025s][info][gc          ] GC(1) Pause Young (Normal) (G1 Evacuation Pause) 45M->41M(512M) 2.550ms
[0.025s][info][gc,cpu      ] GC(1) User=0.00s Sys=0.02s Real=0.00s
[0.048s][info][gc,start    ] GC(2) Pause Young (Normal) (G1 Evacuation Pause)
[0.049s][info][gc,task     ] GC(2) Using 11 workers of 11 for evacuation
[0.049s][info][gc,phases   ] GC(2)   Pre Evacuate Collection Set: 0.11ms
[0.049s][info][gc,phases   ] GC(2)   Merge Heap Roots: 0.02ms
[0.049s][info][gc,phases   ] GC(2)   Evacuate Collection Set: 0.47ms
[0.049s][info][gc,phases   ] GC(2)   Post Evacuate Collection Set: 0.10ms
[0.049s][info][gc,phases   ] GC(2)   Other: 0.02ms
[0.049s][info][gc,heap     ] GC(2) Eden regions: 23->0(44)
[0.049s][info][gc,heap     ] GC(2) Survivor regions: 4->1(4)
[0.049s][info][gc,heap     ] GC(2) Old regions: 39->43
[0.049s][info][gc,heap     ] GC(2) Humongous regions: 0->0
[0.049s][info][gc,metaspace] GC(2) Metaspace: 237K(384K)->237K(384K) NonClass: 218K(256K)->218K(256K) Class: 18K(128K)->18K(128K)
[0.049s][info][gc          ] GC(2) Pause Young (Normal) (G1 Evacuation Pause) 64M->41M(512M) 0.812ms
[0.049s][info][gc,cpu      ] GC(2) User=0.00s Sys=0.00s Real=0.00s
[0.085s][info][gc,start    ] GC(3) Pause Young (Normal) (G1 Evacuation Pause)
[0.085s][info][gc,task     ] GC(3) Using 11 workers of 11 for evacuation
[0.086s][info][gc,phases   ] GC(3)   Pre Evacuate Collection Set: 0.13ms
[0.086s][info][gc,phases   ] GC(3)   Merge Heap Roots: 0.03ms
[0.086s][info][gc,phases   ] GC(3)   Evacuate Collection Set: 0.22ms
[0.086s][info][gc,phases   ] GC(3)   Post Evacuate Collection Set: 0.10ms
[0.086s][info][gc,phases   ] GC(3)   Other: 0.03ms
[0.086s][info][gc,heap     ] GC(3) Eden regions: 44->0(306)
[0.086s][info][gc,heap     ] GC(3) Survivor regions: 1->1(6)
[0.086s][info][gc,heap     ] GC(3) Old regions: 43->43
[0.086s][info][gc,heap     ] GC(3) Humongous regions: 0->0
[0.086s][info][gc,metaspace] GC(3) Metaspace: 257K(448K)->257K(448K) NonClass: 238K(320K)->238K(320K) Class: 18K(128K)->18K(128K)
[0.086s][info][gc          ] GC(3) Pause Young (Normal) (G1 Evacuation Pause) 85M->42M(512M) 0.587ms
[0.086s][info][gc,cpu      ] GC(3) User=0.00s Sys=0.00s Real=0.00s
[3.143s][info][gc,heap,exit] Heap
[3.144s][info][gc,heap,exit]  garbage-first heap   total 524288K, used 125846K [0x000000058a800000, 0x00000005aa800000)
[3.144s][info][gc,heap,exit]   region size 1024K, 82 young (83968K), 1 survivors (1024K)
[3.144s][info][gc,heap,exit]  Metaspace       used 264K, committed 448K, reserved 1114112K
[3.144s][info][gc,heap,exit]   class space    used 19K, committed 128K, reserved 1048576K
